// Jest Snapshot v1, https://goo.gl/fbAQLP

exports[`createSelector should select first active item 1`] = `
Object {
  "isActive": true,
  "name": "Sofa",
}
`;

exports[`createSelector should select first item price 1`] = `100`;
